--------------------------------------------------------------------------------------
Slow Model Timing Analyzer Summary
--------------------------------------------------------------------------------------

Type           : Worst-case tsu
Slack          : N/A
Required Time  : None
Actual Time    : 8.439 ns
From           : inputbus[7]
To             : LVDS_RX_Debug:inst244|err_cnt[12]
From Clock     : --
To Clock       : master_clock0
Failed Paths   : 0

Type           : Worst-case tco
Slack          : N/A
Required Time  : None
Actual Time    : 25.450 ns
From           : tdc_vme:inst57|m_ctrlreg26[20]
To             : vme_data[20]
From Clock     : _as
To Clock       : --
Failed Paths   : 0

Type           : Worst-case tpd
Slack          : N/A
Required Time  : None
Actual Time    : 12.432 ns
From           : _ds[0]
To             : transceivers_OE
From Clock     : --
To Clock       : --
Failed Paths   : 0

Type           : Worst-case th
Slack          : N/A
Required Time  : None
Actual Time    : 8.078 ns
From           : vme_data[15]
To             : tdc_vme:inst57|m_ctrlreg69[15]
From Clock     : --
To Clock       : _as
Failed Paths   : 0

Type           : Worst-case Minimum tco
Slack          : N/A
Required Time  : None
Actual Time    : -3.062 ns
From           : altpll00:inst233|altpll:altpll_component|_clk2
To             : 0_XCLK
From Clock     : master_clock0
To Clock       : --
Failed Paths   : 0

Type           : Worst-case Minimum tpd
Slack          : N/A
Required Time  : None
Actual Time    : 1.982 ns
From           : altera_internal_jtag~TDO
To             : altera_reserved_tdo
From Clock     : --
To Clock       : --
Failed Paths   : 0

Type           : Slow Model Clock Setup: 'altpll00:inst233|altpll:altpll_component|_clk0'
Slack          : -2.279 ns
Required Time  : 125.00 MHz ( period = 8.000 ns )
Actual Time    : 97.29 MHz ( period = 10.279 ns )
From           : line_dff:inst499|lpm_ff:lpm_ff_component|dffs[0]
To             : lv1a_pipeline:inst116|clus_err
From Clock     : altpll00:inst233|altpll:altpll_component|_clk0
To Clock       : altpll00:inst233|altpll:altpll_component|_clk0
Failed Paths   : 21382

Type           : Slow Model Clock Setup: 'altpll_fanout:inst514|altpll:altpll_component|_clk2'
Slack          : 0.576 ns
Required Time  : 125.00 MHz ( period = 8.000 ns )
Actual Time    : N/A
From           : dff_one:inst147|lpm_ff:lpm_ff_component|dffs[0]
To             : fanout_clock_phase_sw:inst141|dff_one:inst67|lpm_ff:lpm_ff_component|dffs[0]
From Clock     : altpll00:inst233|altpll:altpll_component|_clk0
To Clock       : altpll_fanout:inst514|altpll:altpll_component|_clk2
Failed Paths   : 0

Type           : Slow Model Clock Setup: 'altpll_fanout:inst514|altpll:altpll_component|_clk1'
Slack          : 0.609 ns
Required Time  : 125.00 MHz ( period = 8.000 ns )
Actual Time    : N/A
From           : dff_one:inst147|lpm_ff:lpm_ff_component|dffs[0]
To             : fanout_clock_phase_sw:inst141|dff_one:inst65|lpm_ff:lpm_ff_component|dffs[0]
From Clock     : altpll00:inst233|altpll:altpll_component|_clk0
To Clock       : altpll_fanout:inst514|altpll:altpll_component|_clk1
Failed Paths   : 0

Type           : Slow Model Clock Setup: 'altpll_fanout:inst514|altpll:altpll_component|_clk3'
Slack          : 1.902 ns
Required Time  : 125.00 MHz ( period = 8.000 ns )
Actual Time    : N/A
From           : dff_one:inst147|lpm_ff:lpm_ff_component|dffs[0]
To             : fanout_clock_phase_sw:inst141|dff_one:inst69|lpm_ff:lpm_ff_component|dffs[0]
From Clock     : altpll00:inst233|altpll:altpll_component|_clk0
To Clock       : altpll_fanout:inst514|altpll:altpll_component|_clk3
Failed Paths   : 0

Type           : Slow Model Clock Setup: 'altpll_fanout:inst514|altpll:altpll_component|_clk4'
Slack          : 2.787 ns
Required Time  : 125.00 MHz ( period = 8.000 ns )
Actual Time    : N/A
From           : dff_one:inst147|lpm_ff:lpm_ff_component|dffs[0]
To             : fanout_clock_phase_sw:inst141|dff_one:inst71|lpm_ff:lpm_ff_component|dffs[0]
From Clock     : altpll00:inst233|altpll:altpll_component|_clk0
To Clock       : altpll_fanout:inst514|altpll:altpll_component|_clk4
Failed Paths   : 0

Type           : Slow Model Clock Setup: 'altpll_fanout:inst514|altpll:altpll_component|_clk5'
Slack          : 4.112 ns
Required Time  : 125.00 MHz ( period = 8.000 ns )
Actual Time    : N/A
From           : dff_one:inst147|lpm_ff:lpm_ff_component|dffs[0]
To             : fanout_clock_phase_sw:inst141|dff_one:inst73|lpm_ff:lpm_ff_component|dffs[0]
From Clock     : altpll00:inst233|altpll:altpll_component|_clk0
To Clock       : altpll_fanout:inst514|altpll:altpll_component|_clk5
Failed Paths   : 0

Type           : Slow Model Clock Setup: 'altpll_fanout:inst514|altpll:altpll_component|_clk0'
Slack          : 5.898 ns
Required Time  : 125.00 MHz ( period = 8.000 ns )
Actual Time    : 475.74 MHz ( period = 2.102 ns )
From           : dff_one:inst147|lpm_ff:lpm_ff_component|dffs[0]
To             : fanout_clock_phase_sw:inst141|dff_one:inst63|lpm_ff:lpm_ff_component|dffs[0]
From Clock     : altpll00:inst233|altpll:altpll_component|_clk0
To Clock       : altpll_fanout:inst514|altpll:altpll_component|_clk0
Failed Paths   : 0

Type           : Slow Model Clock Setup: 'PLL_VME:inst22|altpll:altpll_component|_clk2'
Slack          : 19.486 ns
Required Time  : 31.25 MHz ( period = 32.000 ns )
Actual Time    : 79.91 MHz ( period = 12.514 ns )
From           : tdc_vme:inst57|m_ctrlreg26[0]
To             : VME_thing:inst69|dff32:inst39|lpm_ff:lpm_ff_component|dffs[0]
From Clock     : PLL_VME:inst22|altpll:altpll_component|_clk2
To Clock       : PLL_VME:inst22|altpll:altpll_component|_clk2
Failed Paths   : 0

Type           : Slow Model Clock Setup: 'altera_internal_jtag~TCKUTAP'
Slack          : N/A
Required Time  : None
Actual Time    : 126.74 MHz ( period = 7.890 ns )
From           : sld_hub:auto_hub|sld_shadow_jsm:shadow_jsm|state[3]
To             : sld_hub:auto_hub|tdo
From Clock     : altera_internal_jtag~TCKUTAP
To Clock       : altera_internal_jtag~TCKUTAP
Failed Paths   : 0

Type           : Slow Model Clock Setup: '2_RX_CLK'
Slack          : N/A
Required Time  : None
Actual Time    : 435.92 MHz ( period = 2.294 ns )
From           : GLINK_fifo:inst177|dcfifo:dcfifo_component|dcfifo_f7i1:auto_generated|a_graycounter_22c:wrptr_gp|counter6a[4]
To             : GLINK_fifo:inst177|dcfifo:dcfifo_component|dcfifo_f7i1:auto_generated|altsyncram_3ou:fifo_ram|ram_block7a0~porta_address_reg3
From Clock     : 2_RX_CLK
To Clock       : 2_RX_CLK
Failed Paths   : 0

Type           : Slow Model Clock Setup: '3_RX_CLK'
Slack          : N/A
Required Time  : None
Actual Time    : 452.49 MHz ( period = 2.210 ns )
From           : GLINK_fifo:inst178|dcfifo:dcfifo_component|dcfifo_f7i1:auto_generated|a_graycounter_22c:wrptr_gp|counter6a[3]
To             : GLINK_fifo:inst178|dcfifo:dcfifo_component|dcfifo_f7i1:auto_generated|altsyncram_3ou:fifo_ram|ram_block7a0~porta_address_reg3
From Clock     : 3_RX_CLK
To Clock       : 3_RX_CLK
Failed Paths   : 0

Type           : Slow Model Clock Setup: '1_RX_CLK'
Slack          : N/A
Required Time  : None
Actual Time    : Restricted to 475.29 MHz ( period = 2.104 ns )
From           : GLINK_fifo:inst98|dcfifo:dcfifo_component|dcfifo_f7i1:auto_generated|altsyncram_3ou:fifo_ram|ram_block7a0~porta_datain_reg15
To             : GLINK_fifo:inst98|dcfifo:dcfifo_component|dcfifo_f7i1:auto_generated|altsyncram_3ou:fifo_ram|ram_block7a15~porta_memory_reg0
From Clock     : 1_RX_CLK
To Clock       : 1_RX_CLK
Failed Paths   : 0

Type           : Slow Model Clock Setup: '0_RX_CLK'
Slack          : N/A
Required Time  : None
Actual Time    : Restricted to 475.29 MHz ( period = 2.104 ns )
From           : GLINK_fifo:inst10|dcfifo:dcfifo_component|dcfifo_f7i1:auto_generated|altsyncram_3ou:fifo_ram|ram_block7a0~porta_datain_reg15
To             : GLINK_fifo:inst10|dcfifo:dcfifo_component|dcfifo_f7i1:auto_generated|altsyncram_3ou:fifo_ram|ram_block7a15~porta_memory_reg0
From Clock     : 0_RX_CLK
To Clock       : 0_RX_CLK
Failed Paths   : 0

Type           : Slow Model Clock Hold: 'altpll00:inst233|altpll:altpll_component|_clk0'
Slack          : 0.341 ns
Required Time  : 125.00 MHz ( period = 8.000 ns )
Actual Time    : N/A
From           : sld_signaltap:auto_signaltap_0|sld_signaltap_impl:sld_signaltap_body|trigger_out_mode_ff
To             : sld_signaltap:auto_signaltap_0|sld_signaltap_impl:sld_signaltap_body|trigger_out_mode_ff
From Clock     : altpll00:inst233|altpll:altpll_component|_clk0
To Clock       : altpll00:inst233|altpll:altpll_component|_clk0
Failed Paths   : 0

Type           : Slow Model Clock Hold: 'altpll_fanout:inst514|altpll:altpll_component|_clk5'
Slack          : 0.349 ns
Required Time  : 125.00 MHz ( period = 8.000 ns )
Actual Time    : N/A
From           : fanout_clock_phase_sw:inst150|dff16:inst50|lpm_ff:lpm_ff_component|dffs[15]
To             : fanout_clock_phase_sw:inst150|dff16:inst51|lpm_ff:lpm_ff_component|dffs[15]
From Clock     : altpll_fanout:inst514|altpll:altpll_component|_clk5
To Clock       : altpll_fanout:inst514|altpll:altpll_component|_clk5
Failed Paths   : 0

Type           : Slow Model Clock Hold: 'altpll_fanout:inst514|altpll:altpll_component|_clk0'
Slack          : 0.350 ns
Required Time  : 125.00 MHz ( period = 8.000 ns )
Actual Time    : N/A
From           : fanout_clock_phase_sw:inst141|dff_one:inst63|lpm_ff:lpm_ff_component|dffs[0]
To             : fanout_clock_phase_sw:inst141|dff_one:inst64|lpm_ff:lpm_ff_component|dffs[0]
From Clock     : altpll_fanout:inst514|altpll:altpll_component|_clk0
To Clock       : altpll_fanout:inst514|altpll:altpll_component|_clk0
Failed Paths   : 0

Type           : Slow Model Clock Hold: 'altpll_fanout:inst514|altpll:altpll_component|_clk4'
Slack          : 0.353 ns
Required Time  : 125.00 MHz ( period = 8.000 ns )
Actual Time    : N/A
From           : fanout_clock_phase_sw:inst141|dff_one:inst71|lpm_ff:lpm_ff_component|dffs[0]
To             : fanout_clock_phase_sw:inst141|dff_one:inst72|lpm_ff:lpm_ff_component|dffs[0]
From Clock     : altpll_fanout:inst514|altpll:altpll_component|_clk4
To Clock       : altpll_fanout:inst514|altpll:altpll_component|_clk4
Failed Paths   : 0

Type           : Slow Model Clock Hold: 'altpll_fanout:inst514|altpll:altpll_component|_clk1'
Slack          : 0.355 ns
Required Time  : 125.00 MHz ( period = 8.000 ns )
Actual Time    : N/A
From           : fanout_clock_phase_sw:inst150|dff16:inst41|lpm_ff:lpm_ff_component|dffs[15]
To             : fanout_clock_phase_sw:inst150|dff16:inst43|lpm_ff:lpm_ff_component|dffs[15]
From Clock     : altpll_fanout:inst514|altpll:altpll_component|_clk1
To Clock       : altpll_fanout:inst514|altpll:altpll_component|_clk1
Failed Paths   : 0

Type           : Slow Model Clock Hold: 'altpll_fanout:inst514|altpll:altpll_component|_clk2'
Slack          : 0.355 ns
Required Time  : 125.00 MHz ( period = 8.000 ns )
Actual Time    : N/A
From           : fanout_clock_phase_sw:inst150|dff_one:inst67|lpm_ff:lpm_ff_component|dffs[0]
To             : fanout_clock_phase_sw:inst150|dff_one:inst68|lpm_ff:lpm_ff_component|dffs[0]
From Clock     : altpll_fanout:inst514|altpll:altpll_component|_clk2
To Clock       : altpll_fanout:inst514|altpll:altpll_component|_clk2
Failed Paths   : 0

Type           : Slow Model Clock Hold: 'altpll_fanout:inst514|altpll:altpll_component|_clk3'
Slack          : 0.355 ns
Required Time  : 125.00 MHz ( period = 8.000 ns )
Actual Time    : N/A
From           : fanout_clock_phase_sw:inst150|dff_one:inst69|lpm_ff:lpm_ff_component|dffs[0]
To             : fanout_clock_phase_sw:inst150|dff_one:inst70|lpm_ff:lpm_ff_component|dffs[0]
From Clock     : altpll_fanout:inst514|altpll:altpll_component|_clk3
To Clock       : altpll_fanout:inst514|altpll:altpll_component|_clk3
Failed Paths   : 0

Type           : Slow Model Clock Hold: 'PLL_VME:inst22|altpll:altpll_component|_clk2'
Slack          : 0.554 ns
Required Time  : 31.25 MHz ( period = 32.000 ns )
Actual Time    : N/A
From           : vme_interface:inst2|lpm_counter:address_cnt|cntr_5ih:auto_generated|safe_q[5]
To             : vme_interface:inst2|lpm_counter:address_cnt|cntr_5ih:auto_generated|safe_q[5]
From Clock     : PLL_VME:inst22|altpll:altpll_component|_clk2
To Clock       : PLL_VME:inst22|altpll:altpll_component|_clk2
Failed Paths   : 0

Type           : Total number of failed paths
Slack          : 
Required Time  : 
Actual Time    : 
From           : 
To             : 
From Clock     : 
To Clock       : 
Failed Paths   : 21382

--------------------------------------------------------------------------------------

