Flow report for PS
Fri Apr 29 21:56:27 2016
Quartus II 64-Bit Version 9.1 Build 350 03/24/2010 Service Pack 2 SJ Full Version


---------------------
; Table of Contents ;
---------------------
  1. Legal Notice
  2. Flow Summary
  3. Flow Settings
  4. Flow Non-Default Global Settings
  5. Flow Elapsed Time
  6. Flow OS Summary
  7. Flow Log



----------------
; Legal Notice ;
----------------
Copyright (C) 1991-2010 Altera Corporation
Your use of Altera Corporation's design tools, logic functions 
and other software and tools, and its AMPP partner logic 
functions, and any output files from any of the foregoing 
(including device programming or simulation files), and any 
associated documentation or information are expressly subject 
to the terms and conditions of the Altera Program License 
Subscription Agreement, Altera MegaCore Function License 
Agreement, or other applicable license agreement, including, 
without limitation, that your use is for the sole purpose of 
programming logic devices manufactured by Altera and sold by 
Altera or its authorized distributors.  Please refer to the 
applicable agreement for further details.



+-------------------------------------------------------------------------------+
; Flow Summary                                                                  ;
+-------------------------------+-----------------------------------------------+
; Flow Status                   ; Successful - Fri Apr 29 21:56:27 2016         ;
; Quartus II 64-Bit Version     ; 9.1 Build 350 03/24/2010 SP 2 SJ Full Version ;
; Revision Name                 ; PS                                            ;
; Top-level Entity Name         ; PS                                            ;
; Family                        ; Stratix II                                    ;
; Device                        ; EP2S60F1020C5                                 ;
; Timing Models                 ; Final                                         ;
; Met timing requirements       ; Yes                                           ;
; Logic utilization             ; 2 %                                           ;
;     Combinational ALUTs       ; 62 / 48,352 ( < 1 % )                         ;
;     Dedicated logic registers ; 1,006 / 48,352 ( 2 % )                        ;
; Total registers               ; 1034                                          ;
; Total pins                    ; 66 / 719 ( 9 % )                              ;
; Total virtual pins            ; 0                                             ;
; Total block memory bits       ; 0 / 2,544,192 ( 0 % )                         ;
; DSP block 9-bit elements      ; 0 / 288 ( 0 % )                               ;
; Total PLLs                    ; 1 / 12 ( 8 % )                                ;
; Total DLLs                    ; 0 / 2 ( 0 % )                                 ;
+-------------------------------+-----------------------------------------------+


+-----------------------------------------+
; Flow Settings                           ;
+-------------------+---------------------+
; Option            ; Setting             ;
+-------------------+---------------------+
; Start date & time ; 04/29/2016 21:56:00 ;
; Main task         ; Compilation         ;
; Revision Name     ; PS                  ;
+-------------------+---------------------+


+-------------------------------------------------------------------------------------------------------------------------------------------+
; Flow Non-Default Global Settings                                                                                                          ;
+-----------------------------------------+---------------------------------+--------------------------------+-------------+----------------+
; Assignment Name                         ; Value                           ; Default Value                  ; Entity Name ; Section Id     ;
+-----------------------------------------+---------------------------------+--------------------------------+-------------+----------------+
; ADV_NETLIST_OPT_SYNTH_WYSIWYG_REMAP     ; On                              ; Off                            ; --          ; --             ;
; AUTO_PACKED_REGISTERS                   ; Normal                          ; Off                            ; --          ; --             ;
; AUTO_PACKED_REGISTERS_CYCLONE           ; Normal                          ; Auto                           ; --          ; --             ;
; AUTO_PACKED_REGISTERS_MAXII             ; Normal                          ; Auto                           ; --          ; --             ;
; AUTO_PACKED_REGISTERS_STRATIX           ; Normal                          ; Auto                           ; --          ; --             ;
; AUTO_PACKED_REGISTERS_STRATIXII         ; Normal                          ; Auto                           ; --          ; --             ;
; COMPILER_SIGNATURE_ID                   ; 137343725046604.146198496009172 ; --                             ; --          ; --             ;
; CYCLONEII_OPTIMIZATION_TECHNIQUE        ; Speed                           ; Balanced                       ; --          ; --             ;
; CYCLONE_OPTIMIZATION_TECHNIQUE          ; Speed                           ; Balanced                       ; --          ; --             ;
; DO_COMBINED_ANALYSIS                    ; On                              ; Off                            ; --          ; --             ;
; IP_TOOL_NAME                            ; LPM_FF                          ; --                             ; --          ; --             ;
; IP_TOOL_NAME                            ; LPM_COUNTER                     ; --                             ; --          ; --             ;
; IP_TOOL_NAME                            ; LPM_COMPARE                     ; --                             ; --          ; --             ;
; IP_TOOL_NAME                            ; LPM_CONSTANT                    ; --                             ; --          ; --             ;
; IP_TOOL_NAME                            ; LPM_FF                          ; --                             ; --          ; --             ;
; IP_TOOL_NAME                            ; ALTPLL                          ; --                             ; --          ; --             ;
; IP_TOOL_NAME                            ; LPM_COMPARE                     ; --                             ; --          ; --             ;
; IP_TOOL_NAME                            ; LPM_FF                          ; --                             ; --          ; --             ;
; IP_TOOL_NAME                            ; LPM_MUX                         ; --                             ; --          ; --             ;
; IP_TOOL_NAME                            ; LPM_CONSTANT                    ; --                             ; --          ; --             ;
; IP_TOOL_NAME                            ; LPM_FF                          ; --                             ; --          ; --             ;
; IP_TOOL_NAME                            ; LPM_FF                          ; --                             ; --          ; --             ;
; IP_TOOL_NAME                            ; LPM_DECODE                      ; --                             ; --          ; --             ;
; IP_TOOL_NAME                            ; LPM_MUX                         ; --                             ; --          ; --             ;
; IP_TOOL_NAME                            ; LPM_MUX                         ; --                             ; --          ; --             ;
; IP_TOOL_NAME                            ; LPM_COMPARE                     ; --                             ; --          ; --             ;
; IP_TOOL_VERSION                         ; 9.1                             ; --                             ; --          ; --             ;
; IP_TOOL_VERSION                         ; 9.1                             ; --                             ; --          ; --             ;
; IP_TOOL_VERSION                         ; 9.1                             ; --                             ; --          ; --             ;
; IP_TOOL_VERSION                         ; 9.1                             ; --                             ; --          ; --             ;
; IP_TOOL_VERSION                         ; 9.1                             ; --                             ; --          ; --             ;
; IP_TOOL_VERSION                         ; 9.1                             ; --                             ; --          ; --             ;
; IP_TOOL_VERSION                         ; 9.1                             ; --                             ; --          ; --             ;
; IP_TOOL_VERSION                         ; 9.1                             ; --                             ; --          ; --             ;
; IP_TOOL_VERSION                         ; 9.1                             ; --                             ; --          ; --             ;
; IP_TOOL_VERSION                         ; 9.1                             ; --                             ; --          ; --             ;
; IP_TOOL_VERSION                         ; 9.1                             ; --                             ; --          ; --             ;
; IP_TOOL_VERSION                         ; 9.1                             ; --                             ; --          ; --             ;
; IP_TOOL_VERSION                         ; 9.1                             ; --                             ; --          ; --             ;
; IP_TOOL_VERSION                         ; 9.1                             ; --                             ; --          ; --             ;
; IP_TOOL_VERSION                         ; 9.1                             ; --                             ; --          ; --             ;
; IP_TOOL_VERSION                         ; 9.1                             ; --                             ; --          ; --             ;
; MAXII_OPTIMIZATION_TECHNIQUE            ; Speed                           ; Balanced                       ; --          ; --             ;
; MAX_CORE_JUNCTION_TEMP                  ; 85                              ; --                             ; --          ; --             ;
; MIN_CORE_JUNCTION_TEMP                  ; 0                               ; --                             ; --          ; --             ;
; MISC_FILE                               ; PS_DFF_1.bsf                    ; --                             ; --          ; --             ;
; MISC_FILE                               ; PS_DFF_1.inc                    ; --                             ; --          ; --             ;
; MISC_FILE                               ; PS_Counter_8.bsf                ; --                             ; --          ; --             ;
; MISC_FILE                               ; PS_Counter_8.inc                ; --                             ; --          ; --             ;
; MISC_FILE                               ; PS_Compare_8.bsf                ; --                             ; --          ; --             ;
; MISC_FILE                               ; PS_Compare_8.inc                ; --                             ; --          ; --             ;
; MISC_FILE                               ; PS_Constant_64.bsf              ; --                             ; --          ; --             ;
; MISC_FILE                               ; PS_Constant_64.inc              ; --                             ; --          ; --             ;
; MISC_FILE                               ; PS_DFF_8.bsf                    ; --                             ; --          ; --             ;
; MISC_FILE                               ; PS_DFF_8.inc                    ; --                             ; --          ; --             ;
; MISC_FILE                               ; PS_PLL.bsf                      ; --                             ; --          ; --             ;
; MISC_FILE                               ; PS_PLL.inc                      ; --                             ; --          ; --             ;
; MISC_FILE                               ; PS_PLL.ppf                      ; --                             ; --          ; --             ;
; MISC_FILE                               ; PS_Compare_14.bsf               ; --                             ; --          ; --             ;
; MISC_FILE                               ; PS_Compare_14.inc               ; --                             ; --          ; --             ;
; MISC_FILE                               ; PS_FF_1.bsf                     ; --                             ; --          ; --             ;
; MISC_FILE                               ; PS_FF_1.inc                     ; --                             ; --          ; --             ;
; MISC_FILE                               ; PS_MUX_14.bsf                   ; --                             ; --          ; --             ;
; MISC_FILE                               ; PS_MUX_14.inc                   ; --                             ; --          ; --             ;
; MISC_FILE                               ; PS_Constant_OUT14.bsf           ; --                             ; --          ; --             ;
; MISC_FILE                               ; PS_Constant_OUT14.inc           ; --                             ; --          ; --             ;
; MISC_FILE                               ; PS_DFF_14.bsf                   ; --                             ; --          ; --             ;
; MISC_FILE                               ; PS_DFF_14.inc                   ; --                             ; --          ; --             ;
; MISC_FILE                               ; PS_FF_1_2.tdf                   ; --                             ; --          ; --             ;
; MISC_FILE                               ; PS_FF_1_2.bsf                   ; --                             ; --          ; --             ;
; MISC_FILE                               ; PS_FF_1_2.inc                   ; --                             ; --          ; --             ;
; MISC_FILE                               ; PS_Decode_2.tdf                 ; --                             ; --          ; --             ;
; MISC_FILE                               ; PS_Decode_2.bsf                 ; --                             ; --          ; --             ;
; MISC_FILE                               ; PS_Decode_2.inc                 ; --                             ; --          ; --             ;
; MISC_FILE                               ; PS_MUX_4.tdf                    ; --                             ; --          ; --             ;
; MISC_FILE                               ; PS_MUX_4.bsf                    ; --                             ; --          ; --             ;
; MISC_FILE                               ; PS_MUX_4.inc                    ; --                             ; --          ; --             ;
; MISC_FILE                               ; PS_MUX_1.tdf                    ; --                             ; --          ; --             ;
; MISC_FILE                               ; PS_MUX_1.bsf                    ; --                             ; --          ; --             ;
; MISC_FILE                               ; PS_MUX_1.inc                    ; --                             ; --          ; --             ;
; MISC_FILE                               ; PS_COMPARE_10.tdf               ; --                             ; --          ; --             ;
; MISC_FILE                               ; PS_COMPARE_10.bsf               ; --                             ; --          ; --             ;
; MISC_FILE                               ; PS_COMPARE_10.inc               ; --                             ; --          ; --             ;
; MUX_RESTRUCTURE                         ; Off                             ; Auto                           ; --          ; --             ;
; OPTIMIZATION_TECHNIQUE                  ; Speed                           ; Balanced                       ; --          ; --             ;
; OPTIMIZE_HOLD_TIMING                    ; All Paths                       ; IO Paths and Minimum TPD Paths ; --          ; --             ;
; OPTIMIZE_MULTI_CORNER_TIMING            ; On                              ; Off                            ; --          ; --             ;
; PARTITION_COLOR                         ; 16764057                        ; --                             ; --          ; Top            ;
; PARTITION_NETLIST_TYPE                  ; SOURCE                          ; --                             ; --          ; Top            ;
; PHYSICAL_SYNTHESIS_COMBO_LOGIC          ; On                              ; Off                            ; --          ; --             ;
; PHYSICAL_SYNTHESIS_REGISTER_DUPLICATION ; On                              ; Off                            ; --          ; --             ;
; PHYSICAL_SYNTHESIS_REGISTER_RETIMING    ; On                              ; Off                            ; --          ; --             ;
; ROUTER_TIMING_OPTIMIZATION_LEVEL        ; MAXIMUM                         ; Normal                         ; --          ; --             ;
; STRATIXII_OPTIMIZATION_TECHNIQUE        ; Speed                           ; Balanced                       ; --          ; --             ;
; STRATIX_OPTIMIZATION_TECHNIQUE          ; Speed                           ; Balanced                       ; --          ; --             ;
; SYNTH_TIMING_DRIVEN_SYNTHESIS           ; On                              ; Off                            ; --          ; --             ;
; USE_GENERATED_PHYSICAL_CONSTRAINTS      ; Off                             ; --                             ; --          ; eda_blast_fpga ;
+-----------------------------------------+---------------------------------+--------------------------------+-------------+----------------+


+-----------------------------------------------------------------------------------------------------------------------------+
; Flow Elapsed Time                                                                                                           ;
+-------------------------+--------------+-------------------------+---------------------+------------------------------------+
; Module Name             ; Elapsed Time ; Average Processors Used ; Peak Virtual Memory ; Total CPU Time (on all processors) ;
+-------------------------+--------------+-------------------------+---------------------+------------------------------------+
; Analysis & Synthesis    ; 00:00:03     ; 1.0                     ; 342 MB              ; 00:00:04                           ;
; Fitter                  ; 00:00:15     ; 1.1                     ; 485 MB              ; 00:00:17                           ;
; Assembler               ; 00:00:04     ; 1.0                     ; 426 MB              ; 00:00:05                           ;
; Classic Timing Analyzer ; 00:00:01     ; 1.0                     ; 225 MB              ; 00:00:01                           ;
; Total                   ; 00:00:23     ; --                      ; --                  ; 00:00:27                           ;
+-------------------------+--------------+-------------------------+---------------------+------------------------------------+


+------------------------------------------------------------------------------------------+
; Flow OS Summary                                                                          ;
+-------------------------+------------------+---------------+------------+----------------+
; Module Name             ; Machine Hostname ; OS Name       ; OS Version ; Processor type ;
+-------------------------+------------------+---------------+------------+----------------+
; Analysis & Synthesis    ; bogdan-laptop    ; Windows Vista ; 6.1        ; x86_64         ;
; Fitter                  ; bogdan-laptop    ; Windows Vista ; 6.1        ; x86_64         ;
; Assembler               ; bogdan-laptop    ; Windows Vista ; 6.1        ; x86_64         ;
; Classic Timing Analyzer ; bogdan-laptop    ; Windows Vista ; 6.1        ; x86_64         ;
+-------------------------+------------------+---------------+------------+----------------+


------------
; Flow Log ;
------------
quartus_map --read_settings_files=on --write_settings_files=off PS -c PS
quartus_fit --read_settings_files=off --write_settings_files=off PS -c PS
quartus_asm --read_settings_files=off --write_settings_files=off PS -c PS
quartus_tan --read_settings_files=off --write_settings_files=off PS -c PS --timing_analysis_only



