Flow report for sigma_delta
Wed Nov 23 15:05:50 2016
Quartus II 64-Bit Version 9.1 Build 350 03/24/2010 Service Pack 2 SJ Full Version


---------------------
; Table of Contents ;
---------------------
  1. Legal Notice
  2. Flow Summary
  3. Flow Settings
  4. Flow Non-Default Global Settings
  5. Flow Elapsed Time
  6. Flow OS Summary
  7. Flow Log



----------------
; Legal Notice ;
----------------
Copyright (C) 1991-2010 Altera Corporation
Your use of Altera Corporation's design tools, logic functions 
and other software and tools, and its AMPP partner logic 
functions, and any output files from any of the foregoing 
(including device programming or simulation files), and any 
associated documentation or information are expressly subject 
to the terms and conditions of the Altera Program License 
Subscription Agreement, Altera MegaCore Function License 
Agreement, or other applicable license agreement, including, 
without limitation, that your use is for the sole purpose of 
programming logic devices manufactured by Altera and sold by 
Altera or its authorized distributors.  Please refer to the 
applicable agreement for further details.



+-------------------------------------------------------------------------------+
; Flow Summary                                                                  ;
+-------------------------------+-----------------------------------------------+
; Flow Status                   ; Successful - Wed Nov 23 15:05:50 2016         ;
; Quartus II 64-Bit Version     ; 9.1 Build 350 03/24/2010 SP 2 SJ Full Version ;
; Revision Name                 ; sigma_delta                                   ;
; Top-level Entity Name         ; sigma_delta                                   ;
; Family                        ; Stratix II                                    ;
; Device                        ; EP2S60F1020C5                                 ;
; Timing Models                 ; Final                                         ;
; Met timing requirements       ; Yes                                           ;
; Logic utilization             ; 3 %                                           ;
;     Combinational ALUTs       ; 539 / 48,352 ( 1 % )                          ;
;     Dedicated logic registers ; 1,378 / 48,352 ( 3 % )                        ;
; Total registers               ; 1602                                          ;
; Total pins                    ; 504 / 719 ( 70 % )                            ;
; Total virtual pins            ; 0                                             ;
; Total block memory bits       ; 2,016 / 2,544,192 ( < 1 % )                   ;
; DSP block 9-bit elements      ; 0 / 288 ( 0 % )                               ;
; Total PLLs                    ; 3 / 12 ( 25 % )                               ;
; Total DLLs                    ; 0 / 2 ( 0 % )                                 ;
+-------------------------------+-----------------------------------------------+


+-----------------------------------------+
; Flow Settings                           ;
+-------------------+---------------------+
; Option            ; Setting             ;
+-------------------+---------------------+
; Start date & time ; 11/23/2016 14:58:59 ;
; Main task         ; Compilation         ;
; Revision Name     ; sigma_delta         ;
+-------------------+---------------------+


+------------------------------------------------------------------------------------------------------------------------------------------------------------------+
; Flow Non-Default Global Settings                                                                                                                                 ;
+---------------------------------------------------+--------------------------------+--------------------------------+-------------+------------------------------+
; Assignment Name                                   ; Value                          ; Default Value                  ; Entity Name ; Section Id                   ;
+---------------------------------------------------+--------------------------------+--------------------------------+-------------+------------------------------+
; ACLK_CAT                                          ; Off                            ; On                             ; --          ; --                           ;
; ACLK_RULE_IMSZER_ADOMAIN                          ; Off                            ; On                             ; --          ; --                           ;
; ACLK_RULE_NO_SZER_ACLK_DOMAIN                     ; Off                            ; On                             ; --          ; --                           ;
; ACLK_RULE_SZER_BTW_ACLK_DOMAIN                    ; Off                            ; On                             ; --          ; --                           ;
; ADV_NETLIST_OPT_SYNTH_GATE_RETIME                 ; On                             ; Off                            ; --          ; --                           ;
; ADV_NETLIST_OPT_SYNTH_WYSIWYG_REMAP               ; On                             ; Off                            ; --          ; --                           ;
; APEX20K_OPTIMIZATION_TECHNIQUE                    ; Speed                          ; Balanced                       ; --          ; --                           ;
; ASSG_CAT                                          ; Off                            ; On                             ; --          ; --                           ;
; ASSG_RULE_MISSING_FMAX                            ; Off                            ; On                             ; --          ; --                           ;
; ASSG_RULE_MISSING_TIMING                          ; Off                            ; On                             ; --          ; --                           ;
; AUTO_ENABLE_SMART_COMPILE                         ; On                             ; --                             ; --          ; --                           ;
; AUTO_GLOBAL_MEMORY_CONTROLS                       ; On                             ; Off                            ; --          ; --                           ;
; AUTO_PACKED_REGISTERS                             ; Normal                         ; Off                            ; --          ; --                           ;
; AUTO_PACKED_REGISTERS_CYCLONE                     ; Normal                         ; Auto                           ; --          ; --                           ;
; AUTO_PACKED_REGISTERS_MAXII                       ; Normal                         ; Auto                           ; --          ; --                           ;
; AUTO_PACKED_REGISTERS_STRATIX                     ; Normal                         ; Auto                           ; --          ; --                           ;
; AUTO_PACKED_REGISTERS_STRATIXII                   ; Normal                         ; Auto                           ; --          ; --                           ;
; AUTO_RAM_RECOGNITION                              ; Off                            ; On                             ; --          ; --                           ;
; AUTO_SHIFT_REGISTER_RECOGNITION                   ; Off                            ; Auto                           ; --          ; --                           ;
; CLK_CAT                                           ; Off                            ; On                             ; --          ; --                           ;
; CLK_RULE_CLKNET_CLKSPINES                         ; Off                            ; On                             ; --          ; --                           ;
; CLK_RULE_COMB_CLOCK                               ; Off                            ; On                             ; --          ; --                           ;
; CLK_RULE_INPINS_CLKNET                            ; Off                            ; On                             ; --          ; --                           ;
; CLK_RULE_INV_CLOCK                                ; Off                            ; On                             ; --          ; --                           ;
; CLK_RULE_MIX_EDGES                                ; Off                            ; On                             ; --          ; --                           ;
; COMPILER_SIGNATURE_ID                             ; 22942270843975.147993473910904 ; --                             ; --          ; --                           ;
; CYCLONE_OPTIMIZATION_TECHNIQUE                    ; Area                           ; Balanced                       ; --          ; --                           ;
; DO_MIN_ANALYSIS                                   ; On                             ; Off                            ; --          ; --                           ;
; EDA_BOARD_DESIGN_SIGNAL_INTEGRITY_TOOL            ; IBIS (Signal Integrity)        ; <None>                         ; --          ; --                           ;
; ENABLE_CLOCK_LATENCY                              ; On                             ; Off                            ; --          ; --                           ;
; ENABLE_DRC_SETTINGS                               ; On                             ; Off                            ; --          ; --                           ;
; ENABLE_SIGNALTAP                                  ; Off                            ; --                             ; --          ; --                           ;
; FITTER_EFFORT                                     ; Standard Fit                   ; Auto Fit                       ; --          ; --                           ;
; HCPY_VREF_PINS                                    ; Off                            ; On                             ; --          ; --                           ;
; HUB_INSTANCE_NAME                                 ; sld_hub_inst                   ; auto_hub                       ; --          ; --                           ;
; IGNORE_CARRY_BUFFERS                              ; On                             ; Off                            ; --          ; --                           ;
; IGNORE_CASCADE_BUFFERS                            ; On                             ; Off                            ; --          ; --                           ;
; IGNORE_LCELL_BUFFERS                              ; On                             ; Off                            ; --          ; --                           ;
; INCLUDE_EXTERNAL_PIN_DELAYS_IN_FMAX_CALCULATIONS  ; Off                            ; --                             ; --          ; --                           ;
; INCREMENTAL_COMPILATION                           ; FULL_INCREMENTAL_COMPILATION   ; Off                            ; --          ; --                           ;
; IP_TOOL_NAME                                      ; LPM_MUX                        ; --                             ; --          ; --                           ;
; IP_TOOL_NAME                                      ; LPM_COUNTER                    ; --                             ; --          ; --                           ;
; IP_TOOL_NAME                                      ; ALTLVDS                        ; --                             ; --          ; --                           ;
; IP_TOOL_NAME                                      ; LPM_FF                         ; --                             ; --          ; --                           ;
; IP_TOOL_NAME                                      ; LPM_CONSTANT                   ; --                             ; --          ; --                           ;
; IP_TOOL_NAME                                      ; LPM_MUX                        ; --                             ; --          ; --                           ;
; IP_TOOL_NAME                                      ; LPM_COUNTER                    ; --                             ; --          ; --                           ;
; IP_TOOL_NAME                                      ; LPM_COUNTER                    ; --                             ; --          ; --                           ;
; IP_TOOL_NAME                                      ; Shift register (RAM-based)     ; --                             ; --          ; --                           ;
; IP_TOOL_NAME                                      ; LPM_MUX                        ; --                             ; --          ; --                           ;
; IP_TOOL_NAME                                      ; LPM_FF                         ; --                             ; --          ; --                           ;
; IP_TOOL_NAME                                      ; LPM_FF                         ; --                             ; --          ; --                           ;
; IP_TOOL_VERSION                                   ; 9.1                            ; --                             ; --          ; --                           ;
; IP_TOOL_VERSION                                   ; 9.1                            ; --                             ; --          ; --                           ;
; IP_TOOL_VERSION                                   ; 9.1                            ; --                             ; --          ; --                           ;
; IP_TOOL_VERSION                                   ; 9.1                            ; --                             ; --          ; --                           ;
; IP_TOOL_VERSION                                   ; 9.1                            ; --                             ; --          ; --                           ;
; IP_TOOL_VERSION                                   ; 9.1                            ; --                             ; --          ; --                           ;
; IP_TOOL_VERSION                                   ; 9.1                            ; --                             ; --          ; --                           ;
; IP_TOOL_VERSION                                   ; 9.1                            ; --                             ; --          ; --                           ;
; IP_TOOL_VERSION                                   ; 9.1                            ; --                             ; --          ; --                           ;
; IP_TOOL_VERSION                                   ; 9.1                            ; --                             ; --          ; --                           ;
; IP_TOOL_VERSION                                   ; 9.1                            ; --                             ; --          ; --                           ;
; IP_TOOL_VERSION                                   ; 9.1                            ; --                             ; --          ; --                           ;
; MAX_SCC_SIZE                                      ; 50                             ; --                             ; --          ; --                           ;
; MISC_FILE                                         ; CL_MUX_16.bsf                  ; --                             ; --          ; --                           ;
; MISC_FILE                                         ; CL_MUX_16.inc                  ; --                             ; --          ; --                           ;
; MISC_FILE                                         ; CL_Counter_16.bsf              ; --                             ; --          ; --                           ;
; MISC_FILE                                         ; CL_Counter_16.inc              ; --                             ; --          ; --                           ;
; MISC_FILE                                         ; CL_ALTLVDS_Tx_1.bsf            ; --                             ; --          ; --                           ;
; MISC_FILE                                         ; CL_ALTLVDS_Tx_1.inc            ; --                             ; --          ; --                           ;
; MISC_FILE                                         ; CL_ALTLVDS_Tx_1.ppf            ; --                             ; --          ; --                           ;
; MISC_FILE                                         ; CL_DFF_16.bsf                  ; --                             ; --          ; --                           ;
; MISC_FILE                                         ; CL_DFF_16.inc                  ; --                             ; --          ; --                           ;
; MISC_FILE                                         ; PS_Constant_20.bsf             ; --                             ; --          ; --                           ;
; MISC_FILE                                         ; PS_Constant_20.cmp             ; --                             ; --          ; --                           ;
; MISC_FILE                                         ; CL_MUX_4x4.bsf                 ; --                             ; --          ; --                           ;
; MISC_FILE                                         ; CL_MUX_4x4.cmp                 ; --                             ; --          ; --                           ;
; MISC_FILE                                         ; CL_Counter_2bit.bsf            ; --                             ; --          ; --                           ;
; MISC_FILE                                         ; CL_Counter_2bit.cmp            ; --                             ; --          ; --                           ;
; MISC_FILE                                         ; CL_Counter_4.bsf               ; --                             ; --          ; --                           ;
; MISC_FILE                                         ; CL_Counter_4.cmp               ; --                             ; --          ; --                           ;
; MISC_FILE                                         ; CL_Pipe_16x128.bsf             ; --                             ; --          ; --                           ;
; MISC_FILE                                         ; CL_Pipe_16x128.cmp             ; --                             ; --          ; --                           ;
; MISC_FILE                                         ; CL_MUX_16x16.bsf               ; --                             ; --          ; --                           ;
; MISC_FILE                                         ; CL_MUX_16x16.cmp               ; --                             ; --          ; --                           ;
; MISC_FILE                                         ; CL_DFF_124.bsf                 ; --                             ; --          ; --                           ;
; MISC_FILE                                         ; CL_DFF_124.cmp                 ; --                             ; --          ; --                           ;
; MISC_FILE                                         ; CL_DFF_224.bsf                 ; --                             ; --          ; --                           ;
; MISC_FILE                                         ; CL_DFF_224.cmp                 ; --                             ; --          ; --                           ;
; MUX_RESTRUCTURE                                   ; Off                            ; Auto                           ; --          ; --                           ;
; NUMBER_OF_PATHS_TO_REPORT                         ; 10000                          ; 200                            ; --          ; --                           ;
; OPTIMIZE_HOLD_TIMING                              ; All Paths                      ; IO Paths and Minimum TPD Paths ; --          ; --                           ;
; OPTIMIZE_MULTI_CORNER_TIMING                      ; On                             ; Off                            ; --          ; --                           ;
; PARTITION_COLOR                                   ; 2147039                        ; --                             ; --          ; Top                          ;
; PARTITION_COLOR                                   ; 921185                         ; --                             ; --          ; Basic_DAQ_Block_trigg:inst27 ;
; PARTITION_COLOR                                   ; 14611962                       ; --                             ; --          ; Basic_DAQ_Block_trigg:inst33 ;
; PARTITION_COLOR                                   ; 14613223                       ; --                             ; --          ; Basic_DAQ_Block_trigg:inst34 ;
; PARTITION_COLOR                                   ; 15596254                       ; --                             ; --          ; Basic_DAQ_Block_trigg:inst39 ;
; PARTITION_COLOR                                   ; 16445150                       ; --                             ; --          ; Basic_DAQ_Block_trigg:inst41 ;
; PARTITION_COLOR                                   ; 16441062                       ; --                             ; --          ; Basic_DAQ_Block_trigg:inst43 ;
; PARTITION_COLOR                                   ; 16244474                       ; --                             ; --          ; Basic_DAQ_Block_trigg:inst45 ;
; PARTITION_COLOR                                   ; 14606074                       ; --                             ; --          ; Basic_DAQ_Block_trigg:inst48 ;
; PARTITION_COLOR                                   ; 2352827                        ; --                             ; --          ; Basic_DAQ_Block_trigg:inst49 ;
; PARTITION_COLOR                                   ; 2341842                        ; --                             ; --          ; Basic_DAQ_Block_trigg:inst50 ;
; PARTITION_COLOR                                   ; 3717923                        ; --                             ; --          ; Basic_DAQ_Block_trigg:inst51 ;
; PARTITION_COLOR                                   ; 12311331                       ; --                             ; --          ; Basic_DAQ_Block_trigg:inst52 ;
; PARTITION_COLOR                                   ; 12264237                       ; --                             ; --          ; Basic_DAQ_Block_trigg:inst53 ;
; PARTITION_COLOR                                   ; 8987579                        ; --                             ; --          ; Basic_DAQ_Block_trigg:inst54 ;
; PARTITION_COLOR                                   ; 2302907                        ; --                             ; --          ; Basic_DAQ_Block_trigg:inst55 ;
; PARTITION_COLOR                                   ; 6101260                        ; --                             ; --          ; Basic_DAQ_Block_trigg:inst85 ;
; PARTITION_COLOR                                   ; 6360612                        ; --                             ; --          ; dff32:inst10                 ;
; PARTITION_COLOR                                   ; 5639777                        ; --                             ; --          ; dff32:inst11                 ;
; PARTITION_FITTER_PRESERVATION_LEVEL               ; PLACEMENT_AND_ROUTING          ; --                             ; --          ; Basic_DAQ_Block_trigg:inst27 ;
; PARTITION_FITTER_PRESERVATION_LEVEL               ; PLACEMENT_AND_ROUTING          ; --                             ; --          ; Basic_DAQ_Block_trigg:inst33 ;
; PARTITION_FITTER_PRESERVATION_LEVEL               ; PLACEMENT_AND_ROUTING          ; --                             ; --          ; Basic_DAQ_Block_trigg:inst34 ;
; PARTITION_FITTER_PRESERVATION_LEVEL               ; PLACEMENT_AND_ROUTING          ; --                             ; --          ; Basic_DAQ_Block_trigg:inst39 ;
; PARTITION_FITTER_PRESERVATION_LEVEL               ; PLACEMENT_AND_ROUTING          ; --                             ; --          ; Basic_DAQ_Block_trigg:inst41 ;
; PARTITION_FITTER_PRESERVATION_LEVEL               ; PLACEMENT_AND_ROUTING          ; --                             ; --          ; Basic_DAQ_Block_trigg:inst43 ;
; PARTITION_FITTER_PRESERVATION_LEVEL               ; PLACEMENT_AND_ROUTING          ; --                             ; --          ; Basic_DAQ_Block_trigg:inst45 ;
; PARTITION_FITTER_PRESERVATION_LEVEL               ; PLACEMENT_AND_ROUTING          ; --                             ; --          ; Basic_DAQ_Block_trigg:inst48 ;
; PARTITION_FITTER_PRESERVATION_LEVEL               ; PLACEMENT_AND_ROUTING          ; --                             ; --          ; Basic_DAQ_Block_trigg:inst49 ;
; PARTITION_FITTER_PRESERVATION_LEVEL               ; PLACEMENT_AND_ROUTING          ; --                             ; --          ; Basic_DAQ_Block_trigg:inst50 ;
; PARTITION_FITTER_PRESERVATION_LEVEL               ; PLACEMENT_AND_ROUTING          ; --                             ; --          ; Basic_DAQ_Block_trigg:inst51 ;
; PARTITION_FITTER_PRESERVATION_LEVEL               ; PLACEMENT_AND_ROUTING          ; --                             ; --          ; Basic_DAQ_Block_trigg:inst52 ;
; PARTITION_FITTER_PRESERVATION_LEVEL               ; PLACEMENT_AND_ROUTING          ; --                             ; --          ; Basic_DAQ_Block_trigg:inst53 ;
; PARTITION_FITTER_PRESERVATION_LEVEL               ; PLACEMENT_AND_ROUTING          ; --                             ; --          ; Basic_DAQ_Block_trigg:inst54 ;
; PARTITION_FITTER_PRESERVATION_LEVEL               ; PLACEMENT_AND_ROUTING          ; --                             ; --          ; Basic_DAQ_Block_trigg:inst55 ;
; PARTITION_FITTER_PRESERVATION_LEVEL               ; PLACEMENT_AND_ROUTING          ; --                             ; --          ; Basic_DAQ_Block_trigg:inst85 ;
; PARTITION_FITTER_PRESERVATION_LEVEL               ; PLACEMENT_AND_ROUTING          ; --                             ; --          ; dff32:inst10                 ;
; PARTITION_FITTER_PRESERVATION_LEVEL               ; PLACEMENT_AND_ROUTING          ; --                             ; --          ; dff32:inst11                 ;
; PARTITION_NETLIST_TYPE                            ; SOURCE                         ; --                             ; --          ; Top                          ;
; PARTITION_NETLIST_TYPE                            ; STRICT_POST_FIT                ; --                             ; --          ; Basic_DAQ_Block_trigg:inst27 ;
; PARTITION_NETLIST_TYPE                            ; STRICT_POST_FIT                ; --                             ; --          ; Basic_DAQ_Block_trigg:inst33 ;
; PARTITION_NETLIST_TYPE                            ; STRICT_POST_FIT                ; --                             ; --          ; Basic_DAQ_Block_trigg:inst34 ;
; PARTITION_NETLIST_TYPE                            ; STRICT_POST_FIT                ; --                             ; --          ; Basic_DAQ_Block_trigg:inst39 ;
; PARTITION_NETLIST_TYPE                            ; STRICT_POST_FIT                ; --                             ; --          ; Basic_DAQ_Block_trigg:inst41 ;
; PARTITION_NETLIST_TYPE                            ; STRICT_POST_FIT                ; --                             ; --          ; Basic_DAQ_Block_trigg:inst43 ;
; PARTITION_NETLIST_TYPE                            ; STRICT_POST_FIT                ; --                             ; --          ; Basic_DAQ_Block_trigg:inst45 ;
; PARTITION_NETLIST_TYPE                            ; STRICT_POST_FIT                ; --                             ; --          ; Basic_DAQ_Block_trigg:inst48 ;
; PARTITION_NETLIST_TYPE                            ; STRICT_POST_FIT                ; --                             ; --          ; Basic_DAQ_Block_trigg:inst49 ;
; PARTITION_NETLIST_TYPE                            ; STRICT_POST_FIT                ; --                             ; --          ; Basic_DAQ_Block_trigg:inst50 ;
; PARTITION_NETLIST_TYPE                            ; STRICT_POST_FIT                ; --                             ; --          ; Basic_DAQ_Block_trigg:inst51 ;
; PARTITION_NETLIST_TYPE                            ; STRICT_POST_FIT                ; --                             ; --          ; Basic_DAQ_Block_trigg:inst52 ;
; PARTITION_NETLIST_TYPE                            ; STRICT_POST_FIT                ; --                             ; --          ; Basic_DAQ_Block_trigg:inst53 ;
; PARTITION_NETLIST_TYPE                            ; STRICT_POST_FIT                ; --                             ; --          ; Basic_DAQ_Block_trigg:inst54 ;
; PARTITION_NETLIST_TYPE                            ; STRICT_POST_FIT                ; --                             ; --          ; Basic_DAQ_Block_trigg:inst55 ;
; PARTITION_NETLIST_TYPE                            ; STRICT_POST_FIT                ; --                             ; --          ; Basic_DAQ_Block_trigg:inst85 ;
; PARTITION_NETLIST_TYPE                            ; STRICT_POST_FIT                ; --                             ; --          ; dff32:inst10                 ;
; PARTITION_NETLIST_TYPE                            ; STRICT_POST_FIT                ; --                             ; --          ; dff32:inst11                 ;
; PHYSICAL_SYNTHESIS_ASYNCHRONOUS_SIGNAL_PIPELINING ; On                             ; Off                            ; --          ; --                           ;
; PHYSICAL_SYNTHESIS_COMBO_LOGIC                    ; On                             ; Off                            ; --          ; --                           ;
; PHYSICAL_SYNTHESIS_COMBO_LOGIC_FOR_AREA           ; On                             ; Off                            ; --          ; --                           ;
; PHYSICAL_SYNTHESIS_EFFORT                         ; Extra                          ; Normal                         ; --          ; --                           ;
; PHYSICAL_SYNTHESIS_MAP_LOGIC_TO_MEMORY_FOR_AREA   ; On                             ; Off                            ; --          ; --                           ;
; PHYSICAL_SYNTHESIS_REGISTER_DUPLICATION           ; On                             ; Off                            ; --          ; --                           ;
; PHYSICAL_SYNTHESIS_REGISTER_RETIMING              ; On                             ; Off                            ; --          ; --                           ;
; PLACEMENT_EFFORT_MULTIPLIER                       ; 4.0                            ; 1.0                            ; --          ; --                           ;
; POWER_DEFAULT_INPUT_IO_TOGGLE_RATE                ; 100%                           ; 12.5%                          ; --          ; --                           ;
; POWER_DEFAULT_TOGGLE_RATE                         ; 100%                           ; 12.5%                          ; --          ; --                           ;
; POWER_INPUT_FILE_NAME                             ; 14_BIT_DAQ_3.saf               ; --                             ; --          ; 14_bit_daq_3.saf             ;
; POWER_INPUT_FILE_NAME                             ; sigma_delta.vcd                ; --                             ; --          ; sigma_delta.vcd              ;
; POWER_USE_INPUT_FILES                             ; On                             ; Off                            ; --          ; --                           ;
; POWER_USE_PVA                                     ; Off                            ; On                             ; --          ; --                           ;
; RESET_CAT                                         ; Off                            ; On                             ; --          ; --                           ;
; RESET_RULE_COMB_ASYNCH_RESET                      ; Off                            ; On                             ; --          ; --                           ;
; RESET_RULE_IMSYNCH_ASYNCH_DOMAIN                  ; Off                            ; On                             ; --          ; --                           ;
; RESET_RULE_IMSYNCH_EXRESET                        ; Off                            ; On                             ; --          ; --                           ;
; RESET_RULE_INPINS_RESETNET                        ; Off                            ; --                             ; --          ; --                           ;
; RESET_RULE_UNSYNCH_ASYNCH_DOMAIN                  ; Off                            ; On                             ; --          ; --                           ;
; RESET_RULE_UNSYNCH_EXRESET                        ; Off                            ; On                             ; --          ; --                           ;
; ROUTER_TIMING_OPTIMIZATION_LEVEL                  ; MAXIMUM                        ; Normal                         ; --          ; --                           ;
; SAVE_DISK_SPACE                                   ; Off                            ; On                             ; --          ; --                           ;
; SEARCH_PATH                                       ; D:\altera\megacore\61          ; --                             ; --          ; --                           ;
; SIGNALRACE_CAT                                    ; Off                            ; On                             ; --          ; --                           ;
; SIGNALRACE_RULE_TRISTATE                          ; Off                            ; On                             ; --          ; --                           ;
; SMART_RECOMPILE                                   ; On                             ; Off                            ; --          ; --                           ;
; STATE_MACHINE_PROCESSING                          ; One-Hot                        ; Auto                           ; --          ; --                           ;
; STRATIXII_OPTIMIZATION_TECHNIQUE                  ; Speed                          ; Balanced                       ; --          ; --                           ;
; STRATIX_OPTIMIZATION_TECHNIQUE                    ; Speed                          ; Balanced                       ; --          ; --                           ;
; USE_SIGNALTAP_FILE                                ; stp3stp.stp                    ; --                             ; --          ; --                           ;
; VHDL_SHOW_LMF_MAPPING_MESSAGES                    ; Off                            ; --                             ; --          ; --                           ;
+---------------------------------------------------+--------------------------------+--------------------------------+-------------+------------------------------+


+-----------------------------------------------------------------------------------------------------------------------------+
; Flow Elapsed Time                                                                                                           ;
+-------------------------+--------------+-------------------------+---------------------+------------------------------------+
; Module Name             ; Elapsed Time ; Average Processors Used ; Peak Virtual Memory ; Total CPU Time (on all processors) ;
+-------------------------+--------------+-------------------------+---------------------+------------------------------------+
; Analysis & Synthesis    ; 00:00:09     ; 1.0                     ; 379 MB              ; 00:00:09                           ;
; Fitter                  ; 00:06:27     ; 3.7                     ; 594 MB              ; 00:07:01                           ;
; Assembler               ; 00:00:05     ; 1.0                     ; 437 MB              ; 00:00:04                           ;
; Classic Timing Analyzer ; 00:00:01     ; 1.0                     ; 244 MB              ; 00:00:01                           ;
; Design Assistant        ; 00:00:02     ; 1.0                     ; 239 MB              ; 00:00:01                           ;
; EDA Netlist Writer      ; 00:00:02     ; 1.0                     ; 268 MB              ; 00:00:01                           ;
; Total                   ; 00:06:46     ; --                      ; --                  ; 00:07:17                           ;
+-------------------------+--------------+-------------------------+---------------------+------------------------------------+


+------------------------------------------------------------------------------------------+
; Flow OS Summary                                                                          ;
+-------------------------+------------------+---------------+------------+----------------+
; Module Name             ; Machine Hostname ; OS Name       ; OS Version ; Processor type ;
+-------------------------+------------------+---------------+------------+----------------+
; Analysis & Synthesis    ; SHOP10           ; Windows Vista ; 6.1        ; x86_64         ;
; Fitter                  ; SHOP10           ; Windows Vista ; 6.1        ; x86_64         ;
; Assembler               ; SHOP10           ; Windows Vista ; 6.1        ; x86_64         ;
; Classic Timing Analyzer ; SHOP10           ; Windows Vista ; 6.1        ; x86_64         ;
; Design Assistant        ; SHOP10           ; Windows Vista ; 6.1        ; x86_64         ;
; EDA Netlist Writer      ; SHOP10           ; Windows Vista ; 6.1        ; x86_64         ;
+-------------------------+------------------+---------------+------------+----------------+


------------
; Flow Log ;
------------
quartus_map --read_settings_files=on --write_settings_files=off sigma_delta -c sigma_delta
quartus_fit --read_settings_files=off --write_settings_files=off sigma_delta -c sigma_delta
quartus_asm --read_settings_files=off --write_settings_files=off sigma_delta -c sigma_delta
quartus_tan --read_settings_files=off --write_settings_files=off sigma_delta -c sigma_delta --timing_analysis_only
quartus_drc --read_settings_files=off --write_settings_files=off sigma_delta -c sigma_delta
quartus_eda --read_settings_files=off --write_settings_files=off sigma_delta -c sigma_delta



