Database Import report for sigma_delta
Wed May 28 11:01:36 2008
Quartus II Version 7.2 Build 207 03/18/2008 Service Pack 3 SJ Full Version


---------------------
; Table of Contents ;
---------------------
  1. Legal Notice
  2. Database Import Summary
  3. Database Import Messages



----------------
; Legal Notice ;
----------------
Copyright (C) 1991-2006 Altera Corporation
Your use of Altera Corporation's design tools, logic functions 
and other software and tools, and its AMPP partner logic 
functions, and any output files any of the foregoing 
(including device programming or simulation files), and any 
associated documentation or information are expressly subject 
to the terms and conditions of the Altera Program License 
Subscription Agreement, Altera MegaCore Function License 
Agreement, or other applicable license agreement, including, 
without limitation, that your use is for the sole purpose of 
programming logic devices manufactured by Altera and sold by 
Altera or its authorized distributors.  Please refer to the 
applicable agreement for further details.



+----------------------------------------------------------------+
; Database Import Summary                                        ;
+------------------------+---------------------------------------+
; Database Import Status ; Successful - Wed May 28 11:01:36 2008 ;
; Revision Name          ; sigma_delta                           ;
; Top-level Entity Name  ; sigma_delta                           ;
; Family                 ; Stratix II                            ;
; Device                 ; EP2S60F1020C5                         ;
+------------------------+---------------------------------------+


+--------------------------+
; Database Import Messages ;
+--------------------------+
Info: *******************************************************************
Info: Running Quartus II Database Import
    Info: Version 7.2 Build 207 03/18/2008 Service Pack 3 SJ Full Version
    Info: Processing started: Wed May 28 11:01:20 2008
Info: Command: quartus_cdb sigma_delta -c sigma_delta --import_database=Z:\14BIT_Altera_9\sigma_delta\export_db
Warning: Ignored assignment MAX_PROCESSORS_USED_FOR_MULTITHREADING -- assignment no longer supported
Warning: Ignored assignment POWER_USE_VOLTAGE -- assignment no longer supported
Warning: Ignored assignment IGNORE_DUPLICATE_DESIGN_ENTITY -- assignment no longer supported
Warning: Ignored assignment EQC_ENUM_IO_BUFFER_CONVERSION -- assignment no longer supported
Warning: Ignored assignment MAX_PROCESSORS_USED_FOR_MULTITHREADING -- assignment no longer supported
Warning: Ignored assignment POWER_USE_VOLTAGE -- assignment no longer supported
Warning: Ignored assignment IGNORE_DUPLICATE_DESIGN_ENTITY -- assignment no longer supported
Warning: Ignored assignment EQC_ENUM_IO_BUFFER_CONVERSION -- assignment no longer supported
Info: Successfully imported the post-synthesis database
Warning: Ignored assignment MAX_PROCESSORS_USED_FOR_MULTITHREADING -- assignment no longer supported
Warning: Ignored assignment POWER_USE_VOLTAGE -- assignment no longer supported
Warning: Ignored assignment IGNORE_DUPLICATE_DESIGN_ENTITY -- assignment no longer supported
Warning: Ignored assignment EQC_ENUM_IO_BUFFER_CONVERSION -- assignment no longer supported
Info: Successfully imported the post-fitter database
Info: Run Classic Timing Analyzer (quartus_tan) or TimeQuest Timing Analyzer (quartus_sta) to generate timing information
Info: Run quartus_fit with --check_netlist option to verify the imported netlist is legal in the current version of Quartus II software
Info: Quartus II Database Import was successful. 0 errors, 12 warnings
    Info: Allocated 227 megabytes of memory during processing
    Info: Processing ended: Wed May 28 11:01:36 2008
    Info: Elapsed time: 00:00:16


